=== RUN   TestTabManagerRemoteAllocatorInitialization
--- PASS: TestTabManagerRemoteAllocatorInitialization (0.00s)
=== RUN   TestDefaultMaxParallel
--- PASS: TestDefaultMaxParallel (0.00s)
=== RUN   TestNewTabExecutor_DefaultLimit
--- PASS: TestNewTabExecutor_DefaultLimit (0.00s)
=== RUN   TestNewTabExecutor_CustomLimit
--- PASS: TestNewTabExecutor_CustomLimit (0.00s)
=== RUN   TestTabExecutor_SingleTask
--- PASS: TestTabExecutor_SingleTask (0.00s)
=== RUN   TestTabExecutor_PropagatesError
--- PASS: TestTabExecutor_PropagatesError (0.00s)
=== RUN   TestTabExecutor_PanicRecovery
2026/03/06 11:56:02 ERROR panic recovered in tab execution tabId=tab1 panic=boom
--- PASS: TestTabExecutor_PanicRecovery (0.00s)
=== RUN   TestTabExecutor_ContextCancellation
--- PASS: TestTabExecutor_ContextCancellation (0.05s)
=== RUN   TestTabExecutor_CancelledContextBeforeExecute
--- PASS: TestTabExecutor_CancelledContextBeforeExecute (0.00s)
=== RUN   TestTabExecutor_PerTabSequential
--- PASS: TestTabExecutor_PerTabSequential (0.06s)
=== RUN   TestTabExecutor_CrossTabParallel
--- PASS: TestTabExecutor_CrossTabParallel (0.05s)
=== RUN   TestTabExecutor_SemaphoreLimit
--- PASS: TestTabExecutor_SemaphoreLimit (0.12s)
=== RUN   TestTabExecutor_RemoveTab
--- PASS: TestTabExecutor_RemoveTab (0.00s)
=== RUN   TestTabExecutor_RemoveTab_Nonexistent
--- PASS: TestTabExecutor_RemoveTab_Nonexistent (0.00s)
=== RUN   TestTabExecutor_Stats
--- PASS: TestTabExecutor_Stats (0.00s)
=== RUN   TestTabExecutor_ExecuteWithTimeout
--- PASS: TestTabExecutor_ExecuteWithTimeout (0.00s)
=== RUN   TestTabExecutor_ExecuteWithTimeout_Exceeded
--- PASS: TestTabExecutor_ExecuteWithTimeout_Exceeded (0.02s)
=== RUN   TestTabExecutor_MultiTabSimulation
--- PASS: TestTabExecutor_MultiTabSimulation (0.02s)
=== RUN   TestTabExecutor_ErrorIsolation
--- PASS: TestTabExecutor_ErrorIsolation (0.00s)
=== RUN   TestTabExecutor_PanicIsolation
2026/03/06 11:56:02 ERROR panic recovered in tab execution tabId=tab1 panic="tab1 crashed"
--- PASS: TestTabExecutor_PanicIsolation (0.00s)
=== RUN   TestTabExecutor_StressHighConcurrency
--- PASS: TestTabExecutor_StressHighConcurrency (0.02s)
=== RUN   TestTabExecutor_StressRapidCreateRemove
--- PASS: TestTabExecutor_StressRapidCreateRemove (0.01s)
=== RUN   TestTabExecutor_StressSameTabConcurrent
--- PASS: TestTabExecutor_StressSameTabConcurrent (0.00s)
=== RUN   TestTabManager_ExecuteWithoutExecutor
--- PASS: TestTabManager_ExecuteWithoutExecutor (0.00s)
=== RUN   TestTabManager_ExecuteWithExecutor
--- PASS: TestTabManager_ExecuteWithExecutor (0.00s)
=== RUN   TestTabManager_ExecutorAccessor
--- PASS: TestTabManager_ExecutorAccessor (0.00s)
=== RUN   TestTabManager_ExecutorNilAccessor
--- PASS: TestTabManager_ExecutorNilAccessor (0.00s)
PASS
ok  	github.com/pinchtab/pinchtab/internal/bridge	1.375s
